// Jest Snapshot v1, https://goo.gl/fbAQLP

exports[`matches snapshot 1`] = `
Object {
  "asFragment": [Function],
  "baseElement": <body>
    <div>
      <footer
        class="makeStyles-footer-1"
      >
        <hr
          class="MuiDivider-root"
        />
        <div
          class="MuiToolbar-root MuiToolbar-regular makeStyles-toolbar-2 MuiToolbar-gutters"
        >
          <div
            class="MuiGrid-root MuiGrid-container MuiGrid-align-items-xs-center"
          >
            <div
              class="MuiGrid-root MuiGrid-item MuiGrid-grid-xs-12 MuiGrid-grid-md-auto"
            >
              <p
                class="MuiTypography-root makeStyles-footerItem-3 MuiTypography-body2"
              >
                Copyright © 2019 SeMI Technologies B.V. All Rights Reserved.
              </p>
            </div>
            <div
              class="MuiGrid-root MuiGrid-item MuiGrid-grid-xs-6 MuiGrid-grid-md-auto"
            >
              <div
                class="MuiGrid-root MuiGrid-container"
              >
                <div
                  class="MuiGrid-root MuiGrid-item"
                >
                  <p
                    class="MuiTypography-root makeStyles-footerItem-3 MuiTypography-body2"
                  >
                    <a
                      class="MuiTypography-root MuiLink-root MuiLink-underlineHover MuiTypography-colorPrimary"
                      href="https://stackoverflow.com/questions/tagged/weaviate"
                      target="_blank"
                    >
                      request help
                    </a>
                  </p>
                </div>
                <div
                  class="MuiGrid-root MuiGrid-item"
                >
                  <p
                    class="MuiTypography-root makeStyles-footerItem-3 MuiTypography-body2"
                  >
                    <a
                      class="MuiTypography-root MuiLink-root MuiLink-underlineHover MuiTypography-colorPrimary"
                      href="https://github.com/semi-technologies/weaviate-playground/issues"
                      target="_blank"
                    >
                      report an issue
                    </a>
                  </p>
                </div>
              </div>
            </div>
          </div>
        </div>
      </footer>
    </div>
  </body>,
  "container": <div>
    <footer
      class="makeStyles-footer-1"
    >
      <hr
        class="MuiDivider-root"
      />
      <div
        class="MuiToolbar-root MuiToolbar-regular makeStyles-toolbar-2 MuiToolbar-gutters"
      >
        <div
          class="MuiGrid-root MuiGrid-container MuiGrid-align-items-xs-center"
        >
          <div
            class="MuiGrid-root MuiGrid-item MuiGrid-grid-xs-12 MuiGrid-grid-md-auto"
          >
            <p
              class="MuiTypography-root makeStyles-footerItem-3 MuiTypography-body2"
            >
              Copyright © 2019 SeMI Technologies B.V. All Rights Reserved.
            </p>
          </div>
          <div
            class="MuiGrid-root MuiGrid-item MuiGrid-grid-xs-6 MuiGrid-grid-md-auto"
          >
            <div
              class="MuiGrid-root MuiGrid-container"
            >
              <div
                class="MuiGrid-root MuiGrid-item"
              >
                <p
                  class="MuiTypography-root makeStyles-footerItem-3 MuiTypography-body2"
                >
                  <a
                    class="MuiTypography-root MuiLink-root MuiLink-underlineHover MuiTypography-colorPrimary"
                    href="https://stackoverflow.com/questions/tagged/weaviate"
                    target="_blank"
                  >
                    request help
                  </a>
                </p>
              </div>
              <div
                class="MuiGrid-root MuiGrid-item"
              >
                <p
                  class="MuiTypography-root makeStyles-footerItem-3 MuiTypography-body2"
                >
                  <a
                    class="MuiTypography-root MuiLink-root MuiLink-underlineHover MuiTypography-colorPrimary"
                    href="https://github.com/semi-technologies/weaviate-playground/issues"
                    target="_blank"
                  >
                    report an issue
                  </a>
                </p>
              </div>
            </div>
          </div>
        </div>
      </div>
    </footer>
  </div>,
  "debug": [Function],
  "findAllByAltText": [Function],
  "findAllByDisplayValue": [Function],
  "findAllByLabelText": [Function],
  "findAllByPlaceholderText": [Function],
  "findAllByRole": [Function],
  "findAllByTestId": [Function],
  "findAllByText": [Function],
  "findAllByTitle": [Function],
  "findByAltText": [Function],
  "findByDisplayValue": [Function],
  "findByLabelText": [Function],
  "findByPlaceholderText": [Function],
  "findByRole": [Function],
  "findByTestId": [Function],
  "findByText": [Function],
  "findByTitle": [Function],
  "getAllByAltText": [Function],
  "getAllByDisplayValue": [Function],
  "getAllByLabelText": [Function],
  "getAllByPlaceholderText": [Function],
  "getAllByRole": [Function],
  "getAllByTestId": [Function],
  "getAllByText": [Function],
  "getAllByTitle": [Function],
  "getByAltText": [Function],
  "getByDisplayValue": [Function],
  "getByLabelText": [Function],
  "getByPlaceholderText": [Function],
  "getByRole": [Function],
  "getByTestId": [Function],
  "getByText": [Function],
  "getByTitle": [Function],
  "queryAllByAltText": [Function],
  "queryAllByDisplayValue": [Function],
  "queryAllByLabelText": [Function],
  "queryAllByPlaceholderText": [Function],
  "queryAllByRole": [Function],
  "queryAllByTestId": [Function],
  "queryAllByText": [Function],
  "queryAllByTitle": [Function],
  "queryByAltText": [Function],
  "queryByDisplayValue": [Function],
  "queryByLabelText": [Function],
  "queryByPlaceholderText": [Function],
  "queryByRole": [Function],
  "queryByTestId": [Function],
  "queryByText": [Function],
  "queryByTitle": [Function],
  "rerender": [Function],
  "unmount": [Function],
}
`;
