// Jest Snapshot v1, https://goo.gl/fbAQLP

exports[`matches snapshot 1`] = `
Object {
  "asFragment": [Function],
  "baseElement": <body>
    <div>
      <header
        class="MuiPaper-root MuiPaper-elevation1 MuiAppBar-root MuiAppBar-positionStatic MuiAppBar-colorPrimary"
      >
        <div
          class="MuiToolbar-root MuiToolbar-regular MuiToolbar-gutters"
        >
          <div
            class="MuiGrid-root MuiGrid-container MuiGrid-align-items-xs-center MuiGrid-justify-xs-space-between"
          >
            <div
              class="MuiGrid-root MuiGrid-item"
            >
              <div
                class="MuiGrid-root MuiGrid-container MuiGrid-align-items-xs-center"
              >
                <div
                  class="MuiGrid-root MuiGrid-item"
                >
                  <a
                    aria-current="page"
                    class="MuiTypography-root MuiLink-root MuiLink-underlineHover MuiTypography-colorPrimary active"
                    href="/"
                  >
                    <img
                      alt="Logo"
                      class="makeStyles-logo-1"
                    />
                  </a>
                </div>
                <div
                  class="MuiGrid-root MuiGrid-item"
                >
                  <div
                    class="MuiBox-root MuiBox-root-184"
                  >
                    <p
                      class="MuiTypography-root MuiTypography-body2 MuiTypography-colorInherit"
                    >
                      (BETA)
                    </p>
                  </div>
                </div>
              </div>
            </div>
          </div>
        </div>
      </header>
    </div>
  </body>,
  "container": <div>
    <header
      class="MuiPaper-root MuiPaper-elevation1 MuiAppBar-root MuiAppBar-positionStatic MuiAppBar-colorPrimary"
    >
      <div
        class="MuiToolbar-root MuiToolbar-regular MuiToolbar-gutters"
      >
        <div
          class="MuiGrid-root MuiGrid-container MuiGrid-align-items-xs-center MuiGrid-justify-xs-space-between"
        >
          <div
            class="MuiGrid-root MuiGrid-item"
          >
            <div
              class="MuiGrid-root MuiGrid-container MuiGrid-align-items-xs-center"
            >
              <div
                class="MuiGrid-root MuiGrid-item"
              >
                <a
                  aria-current="page"
                  class="MuiTypography-root MuiLink-root MuiLink-underlineHover MuiTypography-colorPrimary active"
                  href="/"
                >
                  <img
                    alt="Logo"
                    class="makeStyles-logo-1"
                  />
                </a>
              </div>
              <div
                class="MuiGrid-root MuiGrid-item"
              >
                <div
                  class="MuiBox-root MuiBox-root-184"
                >
                  <p
                    class="MuiTypography-root MuiTypography-body2 MuiTypography-colorInherit"
                  >
                    (BETA)
                  </p>
                </div>
              </div>
            </div>
          </div>
        </div>
      </div>
    </header>
  </div>,
  "debug": [Function],
  "findAllByAltText": [Function],
  "findAllByDisplayValue": [Function],
  "findAllByLabelText": [Function],
  "findAllByPlaceholderText": [Function],
  "findAllByRole": [Function],
  "findAllByTestId": [Function],
  "findAllByText": [Function],
  "findAllByTitle": [Function],
  "findByAltText": [Function],
  "findByDisplayValue": [Function],
  "findByLabelText": [Function],
  "findByPlaceholderText": [Function],
  "findByRole": [Function],
  "findByTestId": [Function],
  "findByText": [Function],
  "findByTitle": [Function],
  "getAllByAltText": [Function],
  "getAllByDisplayValue": [Function],
  "getAllByLabelText": [Function],
  "getAllByPlaceholderText": [Function],
  "getAllByRole": [Function],
  "getAllByTestId": [Function],
  "getAllByText": [Function],
  "getAllByTitle": [Function],
  "getByAltText": [Function],
  "getByDisplayValue": [Function],
  "getByLabelText": [Function],
  "getByPlaceholderText": [Function],
  "getByRole": [Function],
  "getByTestId": [Function],
  "getByText": [Function],
  "getByTitle": [Function],
  "queryAllByAltText": [Function],
  "queryAllByDisplayValue": [Function],
  "queryAllByLabelText": [Function],
  "queryAllByPlaceholderText": [Function],
  "queryAllByRole": [Function],
  "queryAllByTestId": [Function],
  "queryAllByText": [Function],
  "queryAllByTitle": [Function],
  "queryByAltText": [Function],
  "queryByDisplayValue": [Function],
  "queryByLabelText": [Function],
  "queryByPlaceholderText": [Function],
  "queryByRole": [Function],
  "queryByTestId": [Function],
  "queryByText": [Function],
  "queryByTitle": [Function],
  "rerender": [Function],
  "unmount": [Function],
}
`;
